
> temp@0.1.0 build
> next build

  Γû▓ Next.js 14.2.35
  - Environments: .env.local

   Creating an optimized production build ...
 Γ£ô Compiled successfully
   Linting and checking validity of types ...
node.exe : 
At line:1 char:1
+ & "C:\Program Files\nodejs/node.exe" 
"C:\Program Files\nodejs/node_mo ...
+ ~~~~~~~~~~~~~~~~~~~~~~~~~~~~~~~~~~~~~~~~
~~~~~~~~~~~~~~~~~~~~~~~~~~~~~
    + CategoryInfo          : NotSpecifie 
   d: (:String) [], RemoteException
    + FullyQualifiedErrorId : NativeComma 
   ndError
 
Failed to compile.

./src/app/dashboard/layout.tsx
13:31  Error: 'ShoppingBag' is defined 
but never used.  
@typescript-eslint/no-unused-vars

./src/components/menu/Theme10Menu.tsx
222:25  Warning: Using `<img>` could 
result in slower LCP and higher 
bandwidth. Consider using `<Image />` 
from `next/image` to automatically 
optimize images. This may incur 
additional usage or cost from your 
provider. See: https://nextjs.org/docs/mes
sages/no-img-element  
@next/next/no-img-element
345:45  Warning: Using `<img>` could 
result in slower LCP and higher 
bandwidth. Consider using `<Image />` 
from `next/image` to automatically 
optimize images. This may incur 
additional usage or cost from your 
provider. See: https://nextjs.org/docs/mes
sages/no-img-element  
@next/next/no-img-element
357:33  Warning: Using `<img>` could 
result in slower LCP and higher 
bandwidth. Consider using `<Image />` 
from `next/image` to automatically 
optimize images. This may incur 
additional usage or cost from your 
provider. See: https://nextjs.org/docs/mes
sages/no-img-element  
@next/next/no-img-element
414:45  Warning: Using `<img>` could 
result in slower LCP and higher 
bandwidth. Consider using `<Image />` 
from `next/image` to automatically 
optimize images. This may incur 
additional usage or cost from your 
provider. See: https://nextjs.org/docs/mes
sages/no-img-element  
@next/next/no-img-element
439:45  Warning: Using `<img>` could 
result in slower LCP and higher 
bandwidth. Consider using `<Image />` 
from `next/image` to automatically 
optimize images. This may incur 
additional usage or cost from your 
provider. See: https://nextjs.org/docs/mes
sages/no-img-element  
@next/next/no-img-element
514:33  Warning: Using `<img>` could 
result in slower LCP and higher 
bandwidth. Consider using `<Image />` 
from `next/image` to automatically 
optimize images. This may incur 
additional usage or cost from your 
provider. See: https://nextjs.org/docs/mes
sages/no-img-element  
@next/next/no-img-element
667:53  Warning: Using `<img>` could 
result in slower LCP and higher 
bandwidth. Consider using `<Image />` 
from `next/image` to automatically 
optimize images. This may incur 
additional usage or cost from your 
provider. See: https://nextjs.org/docs/mes
sages/no-img-element  
@next/next/no-img-element

./src/components/menu/Theme11Menu.tsx
223:25  Warning: Using `<img>` could 
result in slower LCP and higher 
bandwidth. Consider using `<Image />` 
from `next/image` to automatically 
optimize images. This may incur 
additional usage or cost from your 
provider. See: https://nextjs.org/docs/mes
sages/no-img-element  
@next/next/no-img-element
346:45  Warning: Using `<img>` could 
result in slower LCP and higher 
bandwidth. Consider using `<Image />` 
from `next/image` to automatically 
optimize images. This may incur 
additional usage or cost from your 
provider. See: https://nextjs.org/docs/mes
sages/no-img-element  
@next/next/no-img-element
358:33  Warning: Using `<img>` could 
result in slower LCP and higher 
bandwidth. Consider using `<Image />` 
from `next/image` to automatically 
optimize images. This may incur 
additional usage or cost from your 
provider. See: https://nextjs.org/docs/mes
sages/no-img-element  
@next/next/no-img-element
415:45  Warning: Using `<img>` could 
result in slower LCP and higher 
bandwidth. Consider using `<Image />` 
from `next/image` to automatically 
optimize images. This may incur 
additional usage or cost from your 
provider. See: https://nextjs.org/docs/mes
sages/no-img-element  
@next/next/no-img-element
472:45  Warning: Using `<img>` could 
result in slower LCP and higher 
bandwidth. Consider using `<Image />` 
from `next/image` to automatically 
optimize images. This may incur 
additional usage or cost from your 
provider. See: https://nextjs.org/docs/mes
sages/no-img-element  
@next/next/no-img-element
519:33  Warning: Using `<img>` could 
result in slower LCP and higher 
bandwidth. Consider using `<Image />` 
from `next/image` to automatically 
optimize images. This may incur 
additional usage or cost from your 
provider. See: https://nextjs.org/docs/mes
sages/no-img-element  
@next/next/no-img-element
672:53  Warning: Using `<img>` could 
result in slower LCP and higher 
bandwidth. Consider using `<Image />` 
from `next/image` to automatically 
optimize images. This may incur 
additional usage or cost from your 
provider. See: https://nextjs.org/docs/mes
sages/no-img-element  
@next/next/no-img-element

./src/components/menu/Theme13Menu.tsx
314:29  Warning: Using `<img>` could 
result in slower LCP and higher 
bandwidth. Consider using `<Image />` 
from `next/image` to automatically 
optimize images. This may incur 
additional usage or cost from your 
provider. See: https://nextjs.org/docs/mes
sages/no-img-element  
@next/next/no-img-element
366:41  Warning: Using `<img>` could 
result in slower LCP and higher 
bandwidth. Consider using `<Image />` 
from `next/image` to automatically 
optimize images. This may incur 
additional usage or cost from your 
provider. See: https://nextjs.org/docs/mes
sages/no-img-element  
@next/next/no-img-element
412:45  Warning: Using `<img>` could 
result in slower LCP and higher 
bandwidth. Consider using `<Image />` 
from `next/image` to automatically 
optimize images. This may incur 
additional usage or cost from your 
provider. See: https://nextjs.org/docs/mes
sages/no-img-element  
@next/next/no-img-element
478:49  Warning: Using `<img>` could 
result in slower LCP and higher 
bandwidth. Consider using `<Image />` 
from `next/image` to automatically 
optimize images. This may incur 
additional usage or cost from your 
provider. See: https://nextjs.org/docs/mes
sages/no-img-element  
@next/next/no-img-element
631:33  Warning: Using `<img>` could 
result in slower LCP and higher 
bandwidth. Consider using `<Image />` 
from `next/image` to automatically 
optimize images. This may incur 
additional usage or cost from your 
provider. See: https://nextjs.org/docs/mes
sages/no-img-element  
@next/next/no-img-element
797:57  Warning: Using `<img>` could 
result in slower LCP and higher 
bandwidth. Consider using `<Image />` 
from `next/image` to automatically 
optimize images. This may incur 
additional usage or cost from your 
provider. See: https://nextjs.org/docs/mes
sages/no-img-element  
@next/next/no-img-element

./src/components/menu/Theme14Menu.tsx
281:17  Warning: Using `<img>` could 
result in slower LCP and higher 
bandwidth. Consider using `<Image />` 
from `next/image` to automatically 
optimize images. This may incur 
additional usage or cost from your 
provider. See: https://nextjs.org/docs/mes
sages/no-img-element  
@next/next/no-img-element
907:41  Warning: Using `<img>` could 
result in slower LCP and higher 
bandwidth. Consider using `<Image />` 
from `next/image` to automatically 
optimize images. This may incur 
additional usage or cost from your 
provider. See: https://nextjs.org/docs/mes
sages/no-img-element  
@next/next/no-img-element
1071:29  Warning: Using `<img>` could 
result in slower LCP and higher 
bandwidth. Consider using `<Image />` 
from `next/image` to automatically 
optimize images. This may incur 
additional usage or cost from your 
provider. See: https://nextjs.org/docs/mes
sages/no-img-element  
@next/next/no-img-element
1199:53  Warning: Using `<img>` could 
result in slower LCP and higher 
bandwidth. Consider using `<Image />` 
from `next/image` to automatically 
optimize images. This may incur 
additional usage or cost from your 
provider. See: https://nextjs.org/docs/mes
sages/no-img-element  
@next/next/no-img-element

./src/components/menu/Theme5Menu.tsx
347:41  Warning: Using `<img>` could 
result in slower LCP and higher 
bandwidth. Consider using `<Image />` 
from `next/image` to automatically 
optimize images. This may incur 
additional usage or cost from your 
provider. See: https://nextjs.org/docs/mes
sages/no-img-element  
@next/next/no-img-element
353:29  Warning: Using `<img>` could 
result in slower LCP and higher 
bandwidth. Consider using `<Image />` 
from `next/image` to automatically 
optimize images. This may incur 
additional usage or cost from your 
provider. See: https://nextjs.org/docs/mes
sages/no-img-element  
@next/next/no-img-element
375:33  Warning: Using `<img>` could 
result in slower LCP and higher 
bandwidth. Consider using `<Image />` 
from `next/image` to automatically 
optimize images. This may incur 
additional usage or cost from your 
provider. See: https://nextjs.org/docs/mes
sages/no-img-element  
@next/next/no-img-element
493:49  Warning: Using `<img>` could 
result in slower LCP and higher 
bandwidth. Consider using `<Image />` 
from `next/image` to automatically 
optimize images. This may incur 
additional usage or cost from your 
provider. See: https://nextjs.org/docs/mes
sages/no-img-element  
@next/next/no-img-element
585:37  Warning: Using `<img>` could 
result in slower LCP and higher 
bandwidth. Consider using `<Image />` 
from `next/image` to automatically 
optimize images. This may incur 
additional usage or cost from your 
provider. See: https://nextjs.org/docs/mes
sages/no-img-element  
@next/next/no-img-element

./src/components/menu/Theme9Menu.tsx
317:33  Warning: Using `<img>` could 
result in slower LCP and higher 
bandwidth. Consider using `<Image />` 
from `next/image` to automatically 
optimize images. This may incur 
additional usage or cost from your 
provider. See: https://nextjs.org/docs/mes
sages/no-img-element  
@next/next/no-img-element
324:21  Warning: Using `<img>` could 
result in slower LCP and higher 
bandwidth. Consider using `<Image />` 
from `next/image` to automatically 
optimize images. This may incur 
additional usage or cost from your 
provider. See: https://nextjs.org/docs/mes
sages/no-img-element  
@next/next/no-img-element
331:25  Warning: Using `<img>` could 
result in slower LCP and higher 
bandwidth. Consider using `<Image />` 
from `next/image` to automatically 
optimize images. This may incur 
additional usage or cost from your 
provider. See: https://nextjs.org/docs/mes
sages/no-img-element  
@next/next/no-img-element
439:49  Warning: Using `<img>` could 
result in slower LCP and higher 
bandwidth. Consider using `<Image />` 
from `next/image` to automatically 
optimize images. This may incur 
additional usage or cost from your 
provider. See: https://nextjs.org/docs/mes
sages/no-img-element  
@next/next/no-img-element
542:33  Warning: Using `<img>` could 
result in slower LCP and higher 
bandwidth. Consider using `<Image />` 
from `next/image` to automatically 
optimize images. This may incur 
additional usage or cost from your 
provider. See: https://nextjs.org/docs/mes
sages/no-img-element  
@next/next/no-img-element
679:49  Warning: Using `<img>` could 
result in slower LCP and higher 
bandwidth. Consider using `<Image />` 
from `next/image` to automatically 
optimize images. This may incur 
additional usage or cost from your 
provider. See: https://nextjs.org/docs/mes
sages/no-img-element  
@next/next/no-img-element
746:37  Warning: Using `<img>` could 
result in slower LCP and higher 
bandwidth. Consider using `<Image />` 
from `next/image` to automatically 
optimize images. This may incur 
additional usage or cost from your 
provider. See: https://nextjs.org/docs/mes
sages/no-img-element  
@next/next/no-img-element

./src/components/Theme12Menu/Theme12Menu.t
sx
208:21  Warning: Using `<img>` could 
result in slower LCP and higher 
bandwidth. Consider using `<Image />` 
from `next/image` to automatically 
optimize images. This may incur 
additional usage or cost from your 
provider. See: https://nextjs.org/docs/mes
sages/no-img-element  
@next/next/no-img-element
388:45  Warning: Using `<img>` could 
result in slower LCP and higher 
bandwidth. Consider using `<Image />` 
from `next/image` to automatically 
optimize images. This may incur 
additional usage or cost from your 
provider. See: https://nextjs.org/docs/mes
sages/no-img-element  
@next/next/no-img-element
412:45  Warning: Using `<img>` could 
result in slower LCP and higher 
bandwidth. Consider using `<Image />` 
from `next/image` to automatically 
optimize images. This may incur 
additional usage or cost from your 
provider. See: https://nextjs.org/docs/mes
sages/no-img-element  
@next/next/no-img-element
469:53  Warning: Using `<img>` could 
result in slower LCP and higher 
bandwidth. Consider using `<Image />` 
from `next/image` to automatically 
optimize images. This may incur 
additional usage or cost from your 
provider. See: https://nextjs.org/docs/mes
sages/no-img-element  
@next/next/no-img-element
540:37  Warning: Using `<img>` could 
result in slower LCP and higher 
bandwidth. Consider using `<Image />` 
from `next/image` to automatically 
optimize images. This may incur 
additional usage or cost from your 
provider. See: https://nextjs.org/docs/mes
sages/no-img-element  
@next/next/no-img-element
696:45  Warning: Using `<img>` could 
result in slower LCP and higher 
bandwidth. Consider using `<Image />` 
from `next/image` to automatically 
optimize images. This may incur 
additional usage or cost from your 
provider. See: https://nextjs.org/docs/mes
sages/no-img-element  
@next/next/no-img-element

info  - Need to disable some ESLint 
rules? Learn more here: https://nextjs.org
/docs/basic-features/eslint#disabling-rule
s
