
> temp@0.1.0 build
> next build

  Γû▓ Next.js 14.2.35
  - Environments: .env.local

   Creating an optimized production build ...
 Γ£ô Compiled successfully
   Linting and checking validity of types ...
node.exe : 
At line:1 char:1
+ & "C:\Program Files\nodejs/node.exe" "C:\Program 
Files\nodejs/node_mo ...
+ ~~~~~~~~~~~~~~~~~~~~~~~~~~~~~~~~~~~~~~~~~~~~~~~~~~~~~~~~~~~~~~~
~~~~~~
    + CategoryInfo          : NotSpecified: (:String) [], Remote 
   Exception
    + FullyQualifiedErrorId : NativeCommandError
 
Failed to compile.

./src/app/dashboard/branches/page.tsx
5:10  Error: 'Building2' is defined but never used.  
@typescript-eslint/no-unused-vars
42:8  Warning: React Hook useEffect has a missing dependency: 
'fetchBranches'. Either include it or remove the dependency 
array.  react-hooks/exhaustive-deps

./src/app/dashboard/layout.tsx
15:5  Error: 'UserCheck' is defined but never used.  
@typescript-eslint/no-unused-vars
15:16  Error: 'ShoppingBag' is defined but never used.  
@typescript-eslint/no-unused-vars
15:29  Error: 'Box' is defined but never used.  
@typescript-eslint/no-unused-vars
15:34  Error: 'Hammer' is defined but never used.  
@typescript-eslint/no-unused-vars
15:42  Error: 'Wallet' is defined but never used.  
@typescript-eslint/no-unused-vars
15:50  Error: 'Cog' is defined but never used.  
@typescript-eslint/no-unused-vars
15:55  Error: 'Laptop' is defined but never used.  
@typescript-eslint/no-unused-vars
22:10  Error: 'BranchProvider' is defined but never used.  
@typescript-eslint/no-unused-vars
46:12  Error: 'mounted' is assigned a value but never used.  
@typescript-eslint/no-unused-vars
59:46  Error: Unexpected any. Specify a different type.  
@typescript-eslint/no-explicit-any
205:46  Error: Unexpected any. Specify a different type.  
@typescript-eslint/no-explicit-any
306:59  Error: Unexpected any. Specify a different type.  
@typescript-eslint/no-explicit-any
355:59  Error: Unexpected any. Specify a different type.  
@typescript-eslint/no-explicit-any
384:33  Warning: Using `<img>` could result in slower LCP and 
higher bandwidth. Consider using `<Image />` from `next/image` 
to automatically optimize images. This may incur additional 
usage or cost from your provider. See: 
https://nextjs.org/docs/messages/no-img-element  
@next/next/no-img-element
426:51  Error: Unexpected any. Specify a different type.  
@typescript-eslint/no-explicit-any
445:29  Warning: Using `<img>` could result in slower LCP and 
higher bandwidth. Consider using `<Image />` from `next/image` 
to automatically optimize images. This may incur additional 
usage or cost from your provider. See: 
https://nextjs.org/docs/messages/no-img-element  
@next/next/no-img-element

./src/app/dashboard/orders/page.tsx
171:15  Error: 'restName' is assigned a value but never used.  
@typescript-eslint/no-unused-vars

./src/app/dashboard/reports/page.tsx
9:16  Error: 'TrendingUp' is defined but never used.  
@typescript-eslint/no-unused-vars
10:31  Error: 'Truck' is defined but never used.  
@typescript-eslint/no-unused-vars

./src/app/dashboard/staff/page.tsx
20:56  Error: Unexpected any. Specify a different type.  
@typescript-eslint/no-explicit-any
21:46  Error: Unexpected any. Specify a different type.  
@typescript-eslint/no-explicit-any
47:8  Warning: React Hook useEffect has a missing dependency: 
'fetchStaff'. Either include it or remove the dependency array.  
react-hooks/exhaustive-deps
106:48  Error: Unexpected any. Specify a different type.  
@typescript-eslint/no-explicit-any

./src/app/super-admin/analytics/page.tsx
9:13  Error: 'language' is assigned a value but never used.  
@typescript-eslint/no-unused-vars

./src/app/super-admin/clients/page.tsx
19:58  Error: Unexpected any. Specify a different type.  
@typescript-eslint/no-explicit-any
39:8  Warning: React Hook useEffect has a missing dependency: 
'fetchClients'. Either include it or remove the dependency 
array.  react-hooks/exhaustive-deps
52:23  Error: Unexpected any. Specify a different type.  
@typescript-eslint/no-explicit-any
66:45  Error: Unexpected any. Specify a different type.  
@typescript-eslint/no-explicit-any
87:23  Error: Unexpected any. Specify a different type.  
@typescript-eslint/no-explicit-any
110:23  Error: Unexpected any. Specify a different type.  
@typescript-eslint/no-explicit-any
166:128  Error: `"` can be escaped with `&quot;`, `&ldquo;`, 
`&#34;`, `&rdquo;`.  react/no-unescaped-entities
166:142  Error: `"` can be escaped with `&quot;`, `&ldquo;`, 
`&#34;`, `&rdquo;`.  react/no-unescaped-entities

./src/app/super-admin/layout.tsx
13:8  Error: 'Image' is defined but never used.  
@typescript-eslint/no-unused-vars

./src/app/super-admin/logs/page.tsx
18:8  Warning: React Hook useEffect has a missing dependency: 
'fetchLogs'. Either include it or remove the dependency array.  
react-hooks/exhaustive-deps
31:23  Error: Unexpected any. Specify a different type.  
@typescript-eslint/no-explicit-any

./src/app/super-admin/plans/page.tsx
17:8  Warning: React Hook useEffect has a missing dependency: 
'fetchPlans'. Either include it or remove the dependency array.  
react-hooks/exhaustive-deps
29:23  Error: Unexpected any. Specify a different type.  
@typescript-eslint/no-explicit-any
50:23  Error: Unexpected any. Specify a different type.  
@typescript-eslint/no-explicit-any

./src/components/menu/Theme10CyanMenu.tsx
404:45  Warning: Using `<img>` could result in slower LCP and 
higher bandwidth. Consider using `<Image />` from `next/image` 
to automatically optimize images. This may incur additional 
usage or cost from your provider. See: 
https://nextjs.org/docs/messages/no-img-element  
@next/next/no-img-element
416:33  Warning: Using `<img>` could result in slower LCP and 
higher bandwidth. Consider using `<Image />` from `next/image` 
to automatically optimize images. This may incur additional 
usage or cost from your provider. See: 
https://nextjs.org/docs/messages/no-img-element  
@next/next/no-img-element
465:37  Warning: Using `<img>` could result in slower LCP and 
higher bandwidth. Consider using `<Image />` from `next/image` 
to automatically optimize images. This may incur additional 
usage or cost from your provider. See: 
https://nextjs.org/docs/messages/no-img-element  
@next/next/no-img-element
488:45  Warning: Using `<img>` could result in slower LCP and 
higher bandwidth. Consider using `<Image />` from `next/image` 
to automatically optimize images. This may incur additional 
usage or cost from your provider. See: 
https://nextjs.org/docs/messages/no-img-element  
@next/next/no-img-element
563:33  Warning: Using `<img>` could result in slower LCP and 
higher bandwidth. Consider using `<Image />` from `next/image` 
to automatically optimize images. This may incur additional 
usage or cost from your provider. See: 
https://nextjs.org/docs/messages/no-img-element  
@next/next/no-img-element
716:53  Warning: Using `<img>` could result in slower LCP and 
higher bandwidth. Consider using `<Image />` from `next/image` 
to automatically optimize images. This may incur additional 
usage or cost from your provider. See: 
https://nextjs.org/docs/messages/no-img-element  
@next/next/no-img-element

./src/components/menu/Theme10EmeraldMenu.tsx
280:25  Warning: Using `<img>` could result in slower LCP and 
higher bandwidth. Consider using `<Image />` from `next/image` 
to automatically optimize images. This may incur additional 
usage or cost from your provider. See: 
https://nextjs.org/docs/messages/no-img-element  
@next/next/no-img-element
403:45  Warning: Using `<img>` could result in slower LCP and 
higher bandwidth. Consider using `<Image />` from `next/image` 
to automatically optimize images. This may incur additional 
usage or cost from your provider. See: 
https://nextjs.org/docs/messages/no-img-element  
@next/next/no-img-element
415:33  Warning: Using `<img>` could result in slower LCP and 
higher bandwidth. Consider using `<Image />` from `next/image` 
to automatically optimize images. This may incur additional 
usage or cost from your provider. See: 
https://nextjs.org/docs/messages/no-img-element  
@next/next/no-img-element
464:37  Warning: Using `<img>` could result in slower LCP and 
higher bandwidth. Consider using `<Image />` from `next/image` 
to automatically optimize images. This may incur additional 
usage or cost from your provider. See: 
https://nextjs.org/docs/messages/no-img-element  
@next/next/no-img-element
487:45  Warning: Using `<img>` could result in slower LCP and 
higher bandwidth. Consider using `<Image />` from `next/image` 
to automatically optimize images. This may incur additional 
usage or cost from your provider. See: 
https://nextjs.org/docs/messages/no-img-element  
@next/next/no-img-element
562:33  Warning: Using `<img>` could result in slower LCP and 
higher bandwidth. Consider using `<Image />` from `next/image` 
to automatically optimize images. This may incur additional 
usage or cost from your provider. See: 
https://nextjs.org/docs/messages/no-img-element  
@next/next/no-img-element
715:53  Warning: Using `<img>` could result in slower LCP and 
higher bandwidth. Consider using `<Image />` from `next/image` 
to automatically optimize images. This may incur additional 
usage or cost from your provider. See: 
https://nextjs.org/docs/messages/no-img-element  
@next/next/no-img-element

./src/components/menu/Theme10Menu.tsx
279:25  Warning: Using `<img>` could result in slower LCP and 
higher bandwidth. Consider using `<Image />` from `next/image` 
to automatically optimize images. This may incur additional 
usage or cost from your provider. See: 
https://nextjs.org/docs/messages/no-img-element  
@next/next/no-img-element
402:45  Warning: Using `<img>` could result in slower LCP and 
higher bandwidth. Consider using `<Image />` from `next/image` 
to automatically optimize images. This may incur additional 
usage or cost from your provider. See: 
https://nextjs.org/docs/messages/no-img-element  
@next/next/no-img-element
414:33  Warning: Using `<img>` could result in slower LCP and 
higher bandwidth. Consider using `<Image />` from `next/image` 
to automatically optimize images. This may incur additional 
usage or cost from your provider. See: 
https://nextjs.org/docs/messages/no-img-element  
@next/next/no-img-element
463:37  Warning: Using `<img>` could result in slower LCP and 
higher bandwidth. Consider using `<Image />` from `next/image` 
to automatically optimize images. This may incur additional 
usage or cost from your provider. See: 
https://nextjs.org/docs/messages/no-img-element  
@next/next/no-img-element
486:45  Warning: Using `<img>` could result in slower LCP and 
higher bandwidth. Consider using `<Image />` from `next/image` 
to automatically optimize images. This may incur additional 
usage or cost from your provider. See: 
https://nextjs.org/docs/messages/no-img-element  
@next/next/no-img-element
561:33  Warning: Using `<img>` could result in slower LCP and 
higher bandwidth. Consider using `<Image />` from `next/image` 
to automatically optimize images. This may incur additional 
usage or cost from your provider. See: 
https://nextjs.org/docs/messages/no-img-element  
@next/next/no-img-element
714:53  Warning: Using `<img>` could result in slower LCP and 
higher bandwidth. Consider using `<Image />` from `next/image` 
to automatically optimize images. This may incur additional 
usage or cost from your provider. See: 
https://nextjs.org/docs/messages/no-img-element  
@next/next/no-img-element

./src/components/menu/Theme10SkyMenu.tsx
280:25  Warning: Using `<img>` could result in slower LCP and 
higher bandwidth. Consider using `<Image />` from `next/image` 
to automatically optimize images. This may incur additional 
usage or cost from your provider. See: 
https://nextjs.org/docs/messages/no-img-element  
@next/next/no-img-element
403:45  Warning: Using `<img>` could result in slower LCP and 
higher bandwidth. Consider using `<Image />` from `next/image` 
to automatically optimize images. This may incur additional 
usage or cost from your provider. See: 
https://nextjs.org/docs/messages/no-img-element  
@next/next/no-img-element
415:33  Warning: Using `<img>` could result in slower LCP and 
higher bandwidth. Consider using `<Image />` from `next/image` 
to automatically optimize images. This may incur additional 
usage or cost from your provider. See: 
https://nextjs.org/docs/messages/no-img-element  
@next/next/no-img-element
464:37  Warning: Using `<img>` could result in slower LCP and 
higher bandwidth. Consider using `<Image />` from `next/image` 
to automatically optimize images. This may incur additional 
usage or cost from your provider. See: 
https://nextjs.org/docs/messages/no-img-element  
@next/next/no-img-element
487:45  Warning: Using `<img>` could result in slower LCP and 
higher bandwidth. Consider using `<Image />` from `next/image` 
to automatically optimize images. This may incur additional 
usage or cost from your provider. See: 
https://nextjs.org/docs/messages/no-img-element  
@next/next/no-img-element
562:33  Warning: Using `<img>` could result in slower LCP and 
higher bandwidth. Consider using `<Image />` from `next/image` 
to automatically optimize images. This may incur additional 
usage or cost from your provider. See: 
https://nextjs.org/docs/messages/no-img-element  
@next/next/no-img-element
715:53  Warning: Using `<img>` could result in slower LCP and 
higher bandwidth. Consider using `<Image />` from `next/image` 
to automatically optimize images. This may incur additional 
usage or cost from your provider. See: 
https://nextjs.org/docs/messages/no-img-element  
@next/next/no-img-element

./src/components/menu/Theme11CyanMenu.tsx
280:25  Warning: Using `<img>` could result in slower LCP and 
higher bandwidth. Consider using `<Image />` from `next/image` 
to automatically optimize images. This may incur additional 
usage or cost from your provider. See: 
https://nextjs.org/docs/messages/no-img-element  
@next/next/no-img-element
403:45  Warning: Using `<img>` could result in slower LCP and 
higher bandwidth. Consider using `<Image />` from `next/image` 
to automatically optimize images. This may incur additional 
usage or cost from your provider. See: 
https://nextjs.org/docs/messages/no-img-element  
@next/next/no-img-element
415:33  Warning: Using `<img>` could result in slower LCP and 
higher bandwidth. Consider using `<Image />` from `next/image` 
to automatically optimize images. This may incur additional 
usage or cost from your provider. See: 
https://nextjs.org/docs/messages/no-img-element  
@next/next/no-img-element
464:37  Warning: Using `<img>` could result in slower LCP and 
higher bandwidth. Consider using `<Image />` from `next/image` 
to automatically optimize images. This may incur additional 
usage or cost from your provider. See: 
https://nextjs.org/docs/messages/no-img-element  
@next/next/no-img-element
519:45  Warning: Using `<img>` could result in slower LCP and 
higher bandwidth. Consider using `<Image />` from `next/image` 
to automatically optimize images. This may incur additional 
usage or cost from your provider. See: 
https://nextjs.org/docs/messages/no-img-element  
@next/next/no-img-element
566:33  Warning: Using `<img>` could result in slower LCP and 
higher bandwidth. Consider using `<Image />` from `next/image` 
to automatically optimize images. This may incur additional 
usage or cost from your provider. See: 
https://nextjs.org/docs/messages/no-img-element  
@next/next/no-img-element
719:53  Warning: Using `<img>` could result in slower LCP and 
higher bandwidth. Consider using `<Image />` from `next/image` 
to automatically optimize images. This may incur additional 
usage or cost from your provider. See: 
https://nextjs.org/docs/messages/no-img-element  
@next/next/no-img-element

./src/components/menu/Theme11EmeraldMenu.tsx
280:25  Warning: Using `<img>` could result in slower LCP and 
higher bandwidth. Consider using `<Image />` from `next/image` 
to automatically optimize images. This may incur additional 
usage or cost from your provider. See: 
https://nextjs.org/docs/messages/no-img-element  
@next/next/no-img-element
403:45  Warning: Using `<img>` could result in slower LCP and 
higher bandwidth. Consider using `<Image />` from `next/image` 
to automatically optimize images. This may incur additional 
usage or cost from your provider. See: 
https://nextjs.org/docs/messages/no-img-element  
@next/next/no-img-element
415:33  Warning: Using `<img>` could result in slower LCP and 
higher bandwidth. Consider using `<Image />` from `next/image` 
to automatically optimize images. This may incur additional 
usage or cost from your provider. See: 
https://nextjs.org/docs/messages/no-img-element  
@next/next/no-img-element
464:37  Warning: Using `<img>` could result in slower LCP and 
higher bandwidth. Consider using `<Image />` from `next/image` 
to automatically optimize images. This may incur additional 
usage or cost from your provider. See: 
https://nextjs.org/docs/messages/no-img-element  
@next/next/no-img-element
519:45  Warning: Using `<img>` could result in slower LCP and 
higher bandwidth. Consider using `<Image />` from `next/image` 
to automatically optimize images. This may incur additional 
usage or cost from your provider. See: 
https://nextjs.org/docs/messages/no-img-element  
@next/next/no-img-element
566:33  Warning: Using `<img>` could result in slower LCP and 
higher bandwidth. Consider using `<Image />` from `next/image` 
to automatically optimize images. This may incur additional 
usage or cost from your provider. See: 
https://nextjs.org/docs/messages/no-img-element  
@next/next/no-img-element
719:53  Warning: Using `<img>` could result in slower LCP and 
higher bandwidth. Consider using `<Image />` from `next/image` 
to automatically optimize images. This may incur additional 
usage or cost from your provider. See: 
https://nextjs.org/docs/messages/no-img-element  
@next/next/no-img-element

./src/components/menu/Theme11Menu.tsx
285:25  Warning: Using `<img>` could result in slower LCP and 
higher bandwidth. Consider using `<Image />` from `next/image` 
to automatically optimize images. This may incur additional 
usage or cost from your provider. See: 
https://nextjs.org/docs/messages/no-img-element  
@next/next/no-img-element
408:45  Warning: Using `<img>` could result in slower LCP and 
higher bandwidth. Consider using `<Image />` from `next/image` 
to automatically optimize images. This may incur additional 
usage or cost from your provider. See: 
https://nextjs.org/docs/messages/no-img-element  
@next/next/no-img-element
420:33  Warning: Using `<img>` could result in slower LCP and 
higher bandwidth. Consider using `<Image />` from `next/image` 
to automatically optimize images. This may incur additional 
usage or cost from your provider. See: 
https://nextjs.org/docs/messages/no-img-element  
@next/next/no-img-element
469:37  Warning: Using `<img>` could result in slower LCP and 
higher bandwidth. Consider using `<Image />` from `next/image` 
to automatically optimize images. This may incur additional 
usage or cost from your provider. See: 
https://nextjs.org/docs/messages/no-img-element  
@next/next/no-img-element
524:45  Warning: Using `<img>` could result in slower LCP and 
higher bandwidth. Consider using `<Image />` from `next/image` 
to automatically optimize images. This may incur additional 
usage or cost from your provider. See: 
https://nextjs.org/docs/messages/no-img-element  
@next/next/no-img-element
571:33  Warning: Using `<img>` could result in slower LCP and 
higher bandwidth. Consider using `<Image />` from `next/image` 
to automatically optimize images. This may incur additional 
usage or cost from your provider. See: 
https://nextjs.org/docs/messages/no-img-element  
@next/next/no-img-element
724:53  Warning: Using `<img>` could result in slower LCP and 
higher bandwidth. Consider using `<Image />` from `next/image` 
to automatically optimize images. This may incur additional 
usage or cost from your provider. See: 
https://nextjs.org/docs/messages/no-img-element  
@next/next/no-img-element

./src/components/menu/Theme11SkyMenu.tsx
280:25  Warning: Using `<img>` could result in slower LCP and 
higher bandwidth. Consider using `<Image />` from `next/image` 
to automatically optimize images. This may incur additional 
usage or cost from your provider. See: 
https://nextjs.org/docs/messages/no-img-element  
@next/next/no-img-element
403:45  Warning: Using `<img>` could result in slower LCP and 
higher bandwidth. Consider using `<Image />` from `next/image` 
to automatically optimize images. This may incur additional 
usage or cost from your provider. See: 
https://nextjs.org/docs/messages/no-img-element  
@next/next/no-img-element
415:33  Warning: Using `<img>` could result in slower LCP and 
higher bandwidth. Consider using `<Image />` from `next/image` 
to automatically optimize images. This may incur additional 
usage or cost from your provider. See: 
https://nextjs.org/docs/messages/no-img-element  
@next/next/no-img-element
464:37  Warning: Using `<img>` could result in slower LCP and 
higher bandwidth. Consider using `<Image />` from `next/image` 
to automatically optimize images. This may incur additional 
usage or cost from your provider. See: 
https://nextjs.org/docs/messages/no-img-element  
@next/next/no-img-element
519:45  Warning: Using `<img>` could result in slower LCP and 
higher bandwidth. Consider using `<Image />` from `next/image` 
to automatically optimize images. This may incur additional 
usage or cost from your provider. See: 
https://nextjs.org/docs/messages/no-img-element  
@next/next/no-img-element
566:33  Warning: Using `<img>` could result in slower LCP and 
higher bandwidth. Consider using `<Image />` from `next/image` 
to automatically optimize images. This may incur additional 
usage or cost from your provider. See: 
https://nextjs.org/docs/messages/no-img-element  
@next/next/no-img-element
719:53  Warning: Using `<img>` could result in slower LCP and 
higher bandwidth. Consider using `<Image />` from `next/image` 
to automatically optimize images. This may incur additional 
usage or cost from your provider. See: 
https://nextjs.org/docs/messages/no-img-element  
@next/next/no-img-element

./src/components/menu/Theme13CyanMenu.tsx
377:29  Warning: Using `<img>` could result in slower LCP and 
higher bandwidth. Consider using `<Image />` from `next/image` 
to automatically optimize images. This may incur additional 
usage or cost from your provider. See: 
https://nextjs.org/docs/messages/no-img-element  
@next/next/no-img-element
421:37  Warning: Using `<img>` could result in slower LCP and 
higher bandwidth. Consider using `<Image />` from `next/image` 
to automatically optimize images. This may incur additional 
usage or cost from your provider. See: 
https://nextjs.org/docs/messages/no-img-element  
@next/next/no-img-element
466:45  Warning: Using `<img>` could result in slower LCP and 
higher bandwidth. Consider using `<Image />` from `next/image` 
to automatically optimize images. This may incur additional 
usage or cost from your provider. See: 
https://nextjs.org/docs/messages/no-img-element  
@next/next/no-img-element
532:49  Warning: Using `<img>` could result in slower LCP and 
higher bandwidth. Consider using `<Image />` from `next/image` 
to automatically optimize images. This may incur additional 
usage or cost from your provider. See: 
https://nextjs.org/docs/messages/no-img-element  
@next/next/no-img-element
685:33  Warning: Using `<img>` could result in slower LCP and 
higher bandwidth. Consider using `<Image />` from `next/image` 
to automatically optimize images. This may incur additional 
usage or cost from your provider. See: 
https://nextjs.org/docs/messages/no-img-element  
@next/next/no-img-element
851:57  Warning: Using `<img>` could result in slower LCP and 
higher bandwidth. Consider using `<Image />` from `next/image` 
to automatically optimize images. This may incur additional 
usage or cost from your provider. See: 
https://nextjs.org/docs/messages/no-img-element  
@next/next/no-img-element

./src/components/menu/Theme13EmeraldMenu.tsx
377:29  Warning: Using `<img>` could result in slower LCP and 
higher bandwidth. Consider using `<Image />` from `next/image` 
to automatically optimize images. This may incur additional 
usage or cost from your provider. See: 
https://nextjs.org/docs/messages/no-img-element  
@next/next/no-img-element
421:37  Warning: Using `<img>` could result in slower LCP and 
higher bandwidth. Consider using `<Image />` from `next/image` 
to automatically optimize images. This may incur additional 
usage or cost from your provider. See: 
https://nextjs.org/docs/messages/no-img-element  
@next/next/no-img-element
466:45  Warning: Using `<img>` could result in slower LCP and 
higher bandwidth. Consider using `<Image />` from `next/image` 
to automatically optimize images. This may incur additional 
usage or cost from your provider. See: 
https://nextjs.org/docs/messages/no-img-element  
@next/next/no-img-element
532:49  Warning: Using `<img>` could result in slower LCP and 
higher bandwidth. Consider using `<Image />` from `next/image` 
to automatically optimize images. This may incur additional 
usage or cost from your provider. See: 
https://nextjs.org/docs/messages/no-img-element  
@next/next/no-img-element
685:33  Warning: Using `<img>` could result in slower LCP and 
higher bandwidth. Consider using `<Image />` from `next/image` 
to automatically optimize images. This may incur additional 
usage or cost from your provider. See: 
https://nextjs.org/docs/messages/no-img-element  
@next/next/no-img-element
851:57  Warning: Using `<img>` could result in slower LCP and 
higher bandwidth. Consider using `<Image />` from `next/image` 
to automatically optimize images. This may incur additional 
usage or cost from your provider. See: 
https://nextjs.org/docs/messages/no-img-element  
@next/next/no-img-element

./src/components/menu/Theme13Menu.tsx
377:29  Warning: Using `<img>` could result in slower LCP and 
higher bandwidth. Consider using `<Image />` from `next/image` 
to automatically optimize images. This may incur additional 
usage or cost from your provider. See: 
https://nextjs.org/docs/messages/no-img-element  
@next/next/no-img-element
421:37  Warning: Using `<img>` could result in slower LCP and 
higher bandwidth. Consider using `<Image />` from `next/image` 
to automatically optimize images. This may incur additional 
usage or cost from your provider. See: 
https://nextjs.org/docs/messages/no-img-element  
@next/next/no-img-element
466:45  Warning: Using `<img>` could result in slower LCP and 
higher bandwidth. Consider using `<Image />` from `next/image` 
to automatically optimize images. This may incur additional 
usage or cost from your provider. See: 
https://nextjs.org/docs/messages/no-img-element  
@next/next/no-img-element
532:49  Warning: Using `<img>` could result in slower LCP and 
higher bandwidth. Consider using `<Image />` from `next/image` 
to automatically optimize images. This may incur additional 
usage or cost from your provider. See: 
https://nextjs.org/docs/messages/no-img-element  
@next/next/no-img-element
685:33  Warning: Using `<img>` could result in slower LCP and 
higher bandwidth. Consider using `<Image />` from `next/image` 
to automatically optimize images. This may incur additional 
usage or cost from your provider. See: 
https://nextjs.org/docs/messages/no-img-element  
@next/next/no-img-element
851:57  Warning: Using `<img>` could result in slower LCP and 
higher bandwidth. Consider using `<Image />` from `next/image` 
to automatically optimize images. This may incur additional 
usage or cost from your provider. See: 
https://nextjs.org/docs/messages/no-img-element  
@next/next/no-img-element

./src/components/menu/Theme13SkyMenu.tsx
377:29  Warning: Using `<img>` could result in slower LCP and 
higher bandwidth. Consider using `<Image />` from `next/image` 
to automatically optimize images. This may incur additional 
usage or cost from your provider. See: 
https://nextjs.org/docs/messages/no-img-element  
@next/next/no-img-element
421:37  Warning: Using `<img>` could result in slower LCP and 
higher bandwidth. Consider using `<Image />` from `next/image` 
to automatically optimize images. This may incur additional 
usage or cost from your provider. See: 
https://nextjs.org/docs/messages/no-img-element  
@next/next/no-img-element
466:45  Warning: Using `<img>` could result in slower LCP and 
higher bandwidth. Consider using `<Image />` from `next/image` 
to automatically optimize images. This may incur additional 
usage or cost from your provider. See: 
https://nextjs.org/docs/messages/no-img-element  
@next/next/no-img-element
532:49  Warning: Using `<img>` could result in slower LCP and 
higher bandwidth. Consider using `<Image />` from `next/image` 
to automatically optimize images. This may incur additional 
usage or cost from your provider. See: 
https://nextjs.org/docs/messages/no-img-element  
@next/next/no-img-element
685:33  Warning: Using `<img>` could result in slower LCP and 
higher bandwidth. Consider using `<Image />` from `next/image` 
to automatically optimize images. This may incur additional 
usage or cost from your provider. See: 
https://nextjs.org/docs/messages/no-img-element  
@next/next/no-img-element
851:57  Warning: Using `<img>` could result in slower LCP and 
higher bandwidth. Consider using `<Image />` from `next/image` 
to automatically optimize images. This may incur additional 
usage or cost from your provider. See: 
https://nextjs.org/docs/messages/no-img-element  
@next/next/no-img-element

./src/components/menu/Theme5CyanMenu.tsx
361:41  Warning: Using `<img>` could result in slower LCP and 
higher bandwidth. Consider using `<Image />` from `next/image` 
to automatically optimize images. This may incur additional 
usage or cost from your provider. See: 
https://nextjs.org/docs/messages/no-img-element  
@next/next/no-img-element
367:29  Warning: Using `<img>` could result in slower LCP and 
higher bandwidth. Consider using `<Image />` from `next/image` 
to automatically optimize images. This may incur additional 
usage or cost from your provider. See: 
https://nextjs.org/docs/messages/no-img-element  
@next/next/no-img-element
389:33  Warning: Using `<img>` could result in slower LCP and 
higher bandwidth. Consider using `<Image />` from `next/image` 
to automatically optimize images. This may incur additional 
usage or cost from your provider. See: 
https://nextjs.org/docs/messages/no-img-element  
@next/next/no-img-element
507:49  Warning: Using `<img>` could result in slower LCP and 
higher bandwidth. Consider using `<Image />` from `next/image` 
to automatically optimize images. This may incur additional 
usage or cost from your provider. See: 
https://nextjs.org/docs/messages/no-img-element  
@next/next/no-img-element
599:37  Warning: Using `<img>` could result in slower LCP and 
higher bandwidth. Consider using `<Image />` from `next/image` 
to automatically optimize images. This may incur additional 
usage or cost from your provider. See: 
https://nextjs.org/docs/messages/no-img-element  
@next/next/no-img-element

./src/components/menu/Theme5EmeraldMenu.tsx
361:41  Warning: Using `<img>` could result in slower LCP and 
higher bandwidth. Consider using `<Image />` from `next/image` 
to automatically optimize images. This may incur additional 
usage or cost from your provider. See: 
https://nextjs.org/docs/messages/no-img-element  
@next/next/no-img-element
367:29  Warning: Using `<img>` could result in slower LCP and 
higher bandwidth. Consider using `<Image />` from `next/image` 
to automatically optimize images. This may incur additional 
usage or cost from your provider. See: 
https://nextjs.org/docs/messages/no-img-element  
@next/next/no-img-element
389:33  Warning: Using `<img>` could result in slower LCP and 
higher bandwidth. Consider using `<Image />` from `next/image` 
to automatically optimize images. This may incur additional 
usage or cost from your provider. See: 
https://nextjs.org/docs/messages/no-img-element  
@next/next/no-img-element
507:49  Warning: Using `<img>` could result in slower LCP and 
higher bandwidth. Consider using `<Image />` from `next/image` 
to automatically optimize images. This may incur additional 
usage or cost from your provider. See: 
https://nextjs.org/docs/messages/no-img-element  
@next/next/no-img-element
599:37  Warning: Using `<img>` could result in slower LCP and 
higher bandwidth. Consider using `<Image />` from `next/image` 
to automatically optimize images. This may incur additional 
usage or cost from your provider. See: 
https://nextjs.org/docs/messages/no-img-element  
@next/next/no-img-element

./src/components/menu/Theme5Menu.tsx
361:41  Warning: Using `<img>` could result in slower LCP and 
higher bandwidth. Consider using `<Image />` from `next/image` 
to automatically optimize images. This may incur additional 
usage or cost from your provider. See: 
https://nextjs.org/docs/messages/no-img-element  
@next/next/no-img-element
367:29  Warning: Using `<img>` could result in slower LCP and 
higher bandwidth. Consider using `<Image />` from `next/image` 
to automatically optimize images. This may incur additional 
usage or cost from your provider. See: 
https://nextjs.org/docs/messages/no-img-element  
@next/next/no-img-element
389:33  Warning: Using `<img>` could result in slower LCP and 
higher bandwidth. Consider using `<Image />` from `next/image` 
to automatically optimize images. This may incur additional 
usage or cost from your provider. See: 
https://nextjs.org/docs/messages/no-img-element  
@next/next/no-img-element
507:49  Warning: Using `<img>` could result in slower LCP and 
higher bandwidth. Consider using `<Image />` from `next/image` 
to automatically optimize images. This may incur additional 
usage or cost from your provider. See: 
https://nextjs.org/docs/messages/no-img-element  
@next/next/no-img-element
599:37  Warning: Using `<img>` could result in slower LCP and 
higher bandwidth. Consider using `<Image />` from `next/image` 
to automatically optimize images. This may incur additional 
usage or cost from your provider. See: 
https://nextjs.org/docs/messages/no-img-element  
@next/next/no-img-element

./src/components/menu/Theme5SkyMenu.tsx
361:41  Warning: Using `<img>` could result in slower LCP and 
higher bandwidth. Consider using `<Image />` from `next/image` 
to automatically optimize images. This may incur additional 
usage or cost from your provider. See: 
https://nextjs.org/docs/messages/no-img-element  
@next/next/no-img-element
367:29  Warning: Using `<img>` could result in slower LCP and 
higher bandwidth. Consider using `<Image />` from `next/image` 
to automatically optimize images. This may incur additional 
usage or cost from your provider. See: 
https://nextjs.org/docs/messages/no-img-element  
@next/next/no-img-element
389:33  Warning: Using `<img>` could result in slower LCP and 
higher bandwidth. Consider using `<Image />` from `next/image` 
to automatically optimize images. This may incur additional 
usage or cost from your provider. See: 
https://nextjs.org/docs/messages/no-img-element  
@next/next/no-img-element
507:49  Warning: Using `<img>` could result in slower LCP and 
higher bandwidth. Consider using `<Image />` from `next/image` 
to automatically optimize images. This may incur additional 
usage or cost from your provider. See: 
https://nextjs.org/docs/messages/no-img-element  
@next/next/no-img-element
599:37  Warning: Using `<img>` could result in slower LCP and 
higher bandwidth. Consider using `<Image />` from `next/image` 
to automatically optimize images. This may incur additional 
usage or cost from your provider. See: 
https://nextjs.org/docs/messages/no-img-element  
@next/next/no-img-element

./src/components/menu/Theme9CyanMenu.tsx
332:33  Warning: Using `<img>` could result in slower LCP and 
higher bandwidth. Consider using `<Image />` from `next/image` 
to automatically optimize images. This may incur additional 
usage or cost from your provider. See: 
https://nextjs.org/docs/messages/no-img-element  
@next/next/no-img-element
339:21  Warning: Using `<img>` could result in slower LCP and 
higher bandwidth. Consider using `<Image />` from `next/image` 
to automatically optimize images. This may incur additional 
usage or cost from your provider. See: 
https://nextjs.org/docs/messages/no-img-element  
@next/next/no-img-element
346:25  Warning: Using `<img>` could result in slower LCP and 
higher bandwidth. Consider using `<Image />` from `next/image` 
to automatically optimize images. This may incur additional 
usage or cost from your provider. See: 
https://nextjs.org/docs/messages/no-img-element  
@next/next/no-img-element
454:49  Warning: Using `<img>` could result in slower LCP and 
higher bandwidth. Consider using `<Image />` from `next/image` 
to automatically optimize images. This may incur additional 
usage or cost from your provider. See: 
https://nextjs.org/docs/messages/no-img-element  
@next/next/no-img-element
557:33  Warning: Using `<img>` could result in slower LCP and 
higher bandwidth. Consider using `<Image />` from `next/image` 
to automatically optimize images. This may incur additional 
usage or cost from your provider. See: 
https://nextjs.org/docs/messages/no-img-element  
@next/next/no-img-element
694:49  Warning: Using `<img>` could result in slower LCP and 
higher bandwidth. Consider using `<Image />` from `next/image` 
to automatically optimize images. This may incur additional 
usage or cost from your provider. See: 
https://nextjs.org/docs/messages/no-img-element  
@next/next/no-img-element
761:37  Warning: Using `<img>` could result in slower LCP and 
higher bandwidth. Consider using `<Image />` from `next/image` 
to automatically optimize images. This may incur additional 
usage or cost from your provider. See: 
https://nextjs.org/docs/messages/no-img-element  
@next/next/no-img-element

./src/components/menu/Theme9EmeraldMenu.tsx
332:33  Warning: Using `<img>` could result in slower LCP and 
higher bandwidth. Consider using `<Image />` from `next/image` 
to automatically optimize images. This may incur additional 
usage or cost from your provider. See: 
https://nextjs.org/docs/messages/no-img-element  
@next/next/no-img-element
339:21  Warning: Using `<img>` could result in slower LCP and 
higher bandwidth. Consider using `<Image />` from `next/image` 
to automatically optimize images. This may incur additional 
usage or cost from your provider. See: 
https://nextjs.org/docs/messages/no-img-element  
@next/next/no-img-element
346:25  Warning: Using `<img>` could result in slower LCP and 
higher bandwidth. Consider using `<Image />` from `next/image` 
to automatically optimize images. This may incur additional 
usage or cost from your provider. See: 
https://nextjs.org/docs/messages/no-img-element  
@next/next/no-img-element
454:49  Warning: Using `<img>` could result in slower LCP and 
higher bandwidth. Consider using `<Image />` from `next/image` 
to automatically optimize images. This may incur additional 
usage or cost from your provider. See: 
https://nextjs.org/docs/messages/no-img-element  
@next/next/no-img-element
557:33  Warning: Using `<img>` could result in slower LCP and 
higher bandwidth. Consider using `<Image />` from `next/image` 
to automatically optimize images. This may incur additional 
usage or cost from your provider. See: 
https://nextjs.org/docs/messages/no-img-element  
@next/next/no-img-element
694:49  Warning: Using `<img>` could result in slower LCP and 
higher bandwidth. Consider using `<Image />` from `next/image` 
to automatically optimize images. This may incur additional 
usage or cost from your provider. See: 
https://nextjs.org/docs/messages/no-img-element  
@next/next/no-img-element
761:37  Warning: Using `<img>` could result in slower LCP and 
higher bandwidth. Consider using `<Image />` from `next/image` 
to automatically optimize images. This may incur additional 
usage or cost from your provider. See: 
https://nextjs.org/docs/messages/no-img-element  
@next/next/no-img-element

./src/components/menu/Theme9Menu.tsx
336:33  Warning: Using `<img>` could result in slower LCP and 
higher bandwidth. Consider using `<Image />` from `next/image` 
to automatically optimize images. This may incur additional 
usage or cost from your provider. See: 
https://nextjs.org/docs/messages/no-img-element  
@next/next/no-img-element
343:21  Warning: Using `<img>` could result in slower LCP and 
higher bandwidth. Consider using `<Image />` from `next/image` 
to automatically optimize images. This may incur additional 
usage or cost from your provider. See: 
https://nextjs.org/docs/messages/no-img-element  
@next/next/no-img-element
350:25  Warning: Using `<img>` could result in slower LCP and 
higher bandwidth. Consider using `<Image />` from `next/image` 
to automatically optimize images. This may incur additional 
usage or cost from your provider. See: 
https://nextjs.org/docs/messages/no-img-element  
@next/next/no-img-element
458:49  Warning: Using `<img>` could result in slower LCP and 
higher bandwidth. Consider using `<Image />` from `next/image` 
to automatically optimize images. This may incur additional 
usage or cost from your provider. See: 
https://nextjs.org/docs/messages/no-img-element  
@next/next/no-img-element
561:33  Warning: Using `<img>` could result in slower LCP and 
higher bandwidth. Consider using `<Image />` from `next/image` 
to automatically optimize images. This may incur additional 
usage or cost from your provider. See: 
https://nextjs.org/docs/messages/no-img-element  
@next/next/no-img-element
698:49  Warning: Using `<img>` could result in slower LCP and 
higher bandwidth. Consider using `<Image />` from `next/image` 
to automatically optimize images. This may incur additional 
usage or cost from your provider. See: 
https://nextjs.org/docs/messages/no-img-element  
@next/next/no-img-element
765:37  Warning: Using `<img>` could result in slower LCP and 
higher bandwidth. Consider using `<Image />` from `next/image` 
to automatically optimize images. This may incur additional 
usage or cost from your provider. See: 
https://nextjs.org/docs/messages/no-img-element  
@next/next/no-img-element

./src/components/menu/Theme9SkyMenu.tsx
332:33  Warning: Using `<img>` could result in slower LCP and 
higher bandwidth. Consider using `<Image />` from `next/image` 
to automatically optimize images. This may incur additional 
usage or cost from your provider. See: 
https://nextjs.org/docs/messages/no-img-element  
@next/next/no-img-element
339:21  Warning: Using `<img>` could result in slower LCP and 
higher bandwidth. Consider using `<Image />` from `next/image` 
to automatically optimize images. This may incur additional 
usage or cost from your provider. See: 
https://nextjs.org/docs/messages/no-img-element  
@next/next/no-img-element
346:25  Warning: Using `<img>` could result in slower LCP and 
higher bandwidth. Consider using `<Image />` from `next/image` 
to automatically optimize images. This may incur additional 
usage or cost from your provider. See: 
https://nextjs.org/docs/messages/no-img-element  
@next/next/no-img-element
454:49  Warning: Using `<img>` could result in slower LCP and 
higher bandwidth. Consider using `<Image />` from `next/image` 
to automatically optimize images. This may incur additional 
usage or cost from your provider. See: 
https://nextjs.org/docs/messages/no-img-element  
@next/next/no-img-element
557:33  Warning: Using `<img>` could result in slower LCP and 
higher bandwidth. Consider using `<Image />` from `next/image` 
to automatically optimize images. This may incur additional 
usage or cost from your provider. See: 
https://nextjs.org/docs/messages/no-img-element  
@next/next/no-img-element
694:49  Warning: Using `<img>` could result in slower LCP and 
higher bandwidth. Consider using `<Image />` from `next/image` 
to automatically optimize images. This may incur additional 
usage or cost from your provider. See: 
https://nextjs.org/docs/messages/no-img-element  
@next/next/no-img-element
761:37  Warning: Using `<img>` could result in slower LCP and 
higher bandwidth. Consider using `<Image />` from `next/image` 
to automatically optimize images. This may incur additional 
usage or cost from your provider. See: 
https://nextjs.org/docs/messages/no-img-element  
@next/next/no-img-element

./src/components/Theme12Menu/Theme12Menu.tsx
244:21  Warning: Using `<img>` could result in slower LCP and 
higher bandwidth. Consider using `<Image />` from `next/image` 
to automatically optimize images. This may incur additional 
usage or cost from your provider. See: 
https://nextjs.org/docs/messages/no-img-element  
@next/next/no-img-element
424:45  Warning: Using `<img>` could result in slower LCP and 
higher bandwidth. Consider using `<Image />` from `next/image` 
to automatically optimize images. This may incur additional 
usage or cost from your provider. See: 
https://nextjs.org/docs/messages/no-img-element  
@next/next/no-img-element
449:45  Warning: Using `<img>` could result in slower LCP and 
higher bandwidth. Consider using `<Image />` from `next/image` 
to automatically optimize images. This may incur additional 
usage or cost from your provider. See: 
https://nextjs.org/docs/messages/no-img-element  
@next/next/no-img-element
506:53  Warning: Using `<img>` could result in slower LCP and 
higher bandwidth. Consider using `<Image />` from `next/image` 
to automatically optimize images. This may incur additional 
usage or cost from your provider. See: 
https://nextjs.org/docs/messages/no-img-element  
@next/next/no-img-element
577:37  Warning: Using `<img>` could result in slower LCP and 
higher bandwidth. Consider using `<Image />` from `next/image` 
to automatically optimize images. This may incur additional 
usage or cost from your provider. See: 
https://nextjs.org/docs/messages/no-img-element  
@next/next/no-img-element
733:45  Warning: Using `<img>` could result in slower LCP and 
higher bandwidth. Consider using `<Image />` from `next/image` 
to automatically optimize images. This may incur additional 
usage or cost from your provider. See: 
https://nextjs.org/docs/messages/no-img-element  
@next/next/no-img-element

./src/lib/helpers/inventoryService.ts
118:15  Error: 'res' is assigned a value but never used.  
@typescript-eslint/no-unused-vars

info  - Need to disable some ESLint rules? Learn more here: 
https://nextjs.org/docs/basic-features/eslint#disabling-rules
