src/app/menu/[restaurantId]/page.tsx(31,10): error TS2614: Module '"@/components/Theme12Menu/Theme12Menu"' has no exported member 'Theme12Menu'. Did you mean to use 'import Theme12Menu from "@/components/Theme12Menu/Theme12Menu"' instead?
